------------------------------------------------------------
TimeQuest Timing Analyzer Summary
------------------------------------------------------------

Type  : Slow Model Setup 'clk50'
Slack : 6.349
TNS   : 0.000

Type  : Slow Model Setup 'clock'
Slack : 127.636
TNS   : 0.000

Type  : Slow Model Setup 'phi'
Slack : 128.885
TNS   : 0.000

Type  : Slow Model Hold 'phi'
Slack : -0.552
TNS   : -0.938

Type  : Slow Model Hold 'clk50'
Slack : 0.499
TNS   : 0.000

Type  : Slow Model Hold 'clock'
Slack : 0.499
TNS   : 0.000

Type  : Slow Model Recovery 'phi'
Slack : 275.102
TNS   : 0.000

Type  : Slow Model Removal 'phi'
Slack : 1.641
TNS   : 0.000

Type  : Slow Model Minimum Pulse Width 'clk50'
Slack : 6.933
TNS   : 0.000

Type  : Slow Model Minimum Pulse Width 'clock'
Slack : 68.758
TNS   : 0.000

Type  : Slow Model Minimum Pulse Width 'phi'
Slack : 137.223
TNS   : 0.000

Type  : Fast Model Setup 'clk50'
Slack : 8.752
TNS   : 0.000

Type  : Fast Model Setup 'clock'
Slack : 134.966
TNS   : 0.000

Type  : Fast Model Setup 'phi'
Slack : 135.801
TNS   : 0.000

Type  : Fast Model Hold 'phi'
Slack : -0.650
TNS   : -6.079

Type  : Fast Model Hold 'clk50'
Slack : 0.215
TNS   : 0.000

Type  : Fast Model Hold 'clock'
Slack : 0.215
TNS   : 0.000

Type  : Fast Model Recovery 'phi'
Slack : 277.914
TNS   : 0.000

Type  : Fast Model Removal 'phi'
Slack : 0.667
TNS   : 0.000

Type  : Fast Model Minimum Pulse Width 'clk50'
Slack : 7.873
TNS   : 0.000

Type  : Fast Model Minimum Pulse Width 'clock'
Slack : 69.000
TNS   : 0.000

Type  : Fast Model Minimum Pulse Width 'phi'
Slack : 138.077
TNS   : 0.000

------------------------------------------------------------
