------------------------------------------------------------
TimeQuest Timing Analyzer Summary
------------------------------------------------------------

Type  : Slow Model Setup 'clk50'
Slack : 6.943
TNS   : 0.000

Type  : Slow Model Setup 'clock'
Slack : 127.198
TNS   : 0.000

Type  : Slow Model Setup 'phi'
Slack : 129.591
TNS   : 0.000

Type  : Slow Model Hold 'clk50'
Slack : 0.499
TNS   : 0.000

Type  : Slow Model Hold 'clock'
Slack : 0.499
TNS   : 0.000

Type  : Slow Model Hold 'phi'
Slack : 0.499
TNS   : 0.000

Type  : Slow Model Recovery 'phi'
Slack : 275.338
TNS   : 0.000

Type  : Slow Model Removal 'phi'
Slack : 1.358
TNS   : 0.000

Type  : Slow Model Minimum Pulse Width 'clk50'
Slack : 6.933
TNS   : 0.000

Type  : Slow Model Minimum Pulse Width 'clock'
Slack : 68.758
TNS   : 0.000

Type  : Slow Model Minimum Pulse Width 'phi'
Slack : 137.223
TNS   : 0.000

Type  : Fast Model Setup 'clk50'
Slack : 8.899
TNS   : 0.000

Type  : Fast Model Setup 'clock'
Slack : 134.910
TNS   : 0.000

Type  : Fast Model Setup 'phi'
Slack : 135.910
TNS   : 0.000

Type  : Fast Model Hold 'phi'
Slack : -0.249
TNS   : -1.234

Type  : Fast Model Hold 'clk50'
Slack : 0.215
TNS   : 0.000

Type  : Fast Model Hold 'clock'
Slack : 0.215
TNS   : 0.000

Type  : Fast Model Recovery 'phi'
Slack : 277.876
TNS   : 0.000

Type  : Fast Model Removal 'phi'
Slack : 0.593
TNS   : 0.000

Type  : Fast Model Minimum Pulse Width 'clk50'
Slack : 7.873
TNS   : 0.000

Type  : Fast Model Minimum Pulse Width 'clock'
Slack : 69.000
TNS   : 0.000

Type  : Fast Model Minimum Pulse Width 'phi'
Slack : 138.077
TNS   : 0.000

------------------------------------------------------------
